
===== EpiLPS-MALA under SI misspecification (NegBin data) =====
Sampler: LPSMALA, 40000 iterations, 16000 burn-in, 24000 retained draws per fit
True SI: realised mean/sd 7.4992 / 3.4215 (requested 7.5 / 3.4), lags 0-30
Reporting hole(s) removed: 2020-07-08
Truth: true_R_epilps, 253 days, Rt 0.619 to 7.802
Seeding: I0 = 2000 on day 1 (NegBin draws from day 2)
Scoring days 2-253 (252 days), 100 replicates, shared across all SI settings

calibrating on the observed series (one MALA fit, also times the grid) ...

NegBin overdispersion on the observed series:
  rho = 17.36  (LPSMAP mode)  <- used to generate the data
  rho = 17.25  (LPSMALA posterior mean, diagnostic only)
  at mu = 1000: SD 242 (NegBin) vs 32 (Poisson), 7.7x the noise

simulated 100 / 100 replicates (0 diverged, 0 went extinct)
median final-day incidence 314

13 unique SI settings to fit (1 families x 13 moment settings;
  14 rows reported, the point the two sweeps share is fitted once per family)
100 replicates x 13 settings = 1300 LPSMALA fits

1 setting(s) miss the requested moments by more than 0.25. They are
fitted and reported, but grid_value overstates how wrong the SI really is,
so read them off realised_mean / realised_sd:
    family assumed_mean assumed_sd realised_mean realised_sd moment_drift
 gamma_bin            3        3.4         3.757       3.417        0.757
projected cost at 166.0 s/fit: 60.0 CPU-hours, ~450 min wall clock on 8 cores

fitting done in 29600 s (493.3 min)

===== gamma_bin | vary_sd (assumed mean held at the true 7.5) =====
 grid_value realised_mean realised_sd Coverage95 MCSE_Coverage MeanCIWidth
       1.36         7.500       1.390     0.8866      0.004567      0.2602
       2.04         7.500       2.060     0.8860      0.004803      0.2537
       2.72         7.500       2.735     0.8730      0.004953      0.2490
       3.40         7.500       3.411     0.8640      0.004737      0.2386
       4.08         7.498       4.070     0.8449      0.005796      0.2307
       4.76         7.494       4.676     0.8223      0.005839      0.2202
       5.44         7.486       5.197     0.8012      0.006106      0.2125
 CoverageHPD95 MeanHPDWidth      Bias    RMSE                  flag
        0.8854       0.2581 -0.006560 0.15207                      
        0.8831       0.2516 -0.011501 0.10597                      
        0.8713       0.2471 -0.009527 0.11978                      
        0.8611       0.2368 -0.014907 0.09958   <- family reference
        0.8413       0.2290 -0.017274 0.10648                      
        0.8186       0.2187 -0.023215 0.11529                      
        0.7951       0.2111 -0.028641 0.13200                      

===== gamma_bin | vary_mean (assumed sd held at the true 3.4) =====
 grid_value realised_mean realised_sd Coverage95 MCSE_Coverage MeanCIWidth
        3.0         3.757       3.417     0.3448      0.005782      0.1207
        4.5         4.642       3.363     0.5018      0.006608      0.1513
        6.0         6.010       3.403     0.7305      0.007230      0.1957
        7.5         7.500       3.411     0.8640      0.004737      0.2386
        9.0         9.000       3.411     0.8552      0.006738      0.2815
       10.5        10.500       3.411     0.7694      0.008565      0.3160
       12.0        11.999       3.410     0.6685      0.008966      0.3498
 CoverageHPD95 MeanHPDWidth      Bias    RMSE                  flag
        0.3439       0.1199 -0.079924 0.43144    <- moments drifted
        0.5004       0.1504 -0.058798 0.31240                      
        0.7306       0.1943 -0.034486 0.17824                      
        0.8611       0.2368 -0.014907 0.09958   <- family reference
        0.8529       0.2791  0.004213 0.13803                      
        0.7650       0.3132  0.013167 0.16561                      
        0.6653       0.3464  0.028906 0.25176                      

sampler health: 100.0% of fits reported optimconverged, 176.0 s mean fit time

==============================================================
FAMILY COMPARISON at the true moments (mean 7.5, sd 3.4)
==============================================================
    family realised_mean realised_sd lag1_mass max_lag_used Coverage95
 gamma_bin           7.5       3.411  0.004096           30      0.864
 MCSE_Coverage MeanCIWidth CoverageHPD95 MeanHPDWidth     Bias    RMSE
      0.004737      0.2386        0.8611       0.2368 -0.01491 0.09958
 dCoverage_vs_gamma_bin dWidth_vs_gamma_bin
                      0                   0

==============================================================
CONTROL POINT (correctly specified SI)
  LPSMALA, equal-tailed : NA (MCSE NA), width NA
  LPSMALA, HPD          : NA (MCSE NA), width NA
  epilps_selfcheck.R    : 0.7538 (LPSMAP, nbinom arm)
  difference vs selfcheck: NA
  epilps_si_misspec.R   : 0.8611 (MCSE 0.0051), width 0.2343  [LPSMAP twin]
  difference vs twin     : NA coverage, NA width
  (same simulated data by construction, so this difference is the sampler)
==============================================================

Sensitivity over the same -80%..+80% relative error:
  gamma_bin   vary_sd    coverage 0.801 to 0.887 (range 0.085) | bias -0.0286 to -0.0066 (range 0.0221)
  gamma_bin   vary_mean  coverage 0.345 to 0.864 (range 0.519) | bias -0.0799 to +0.0289 (range 0.1088)

Equal-tailed vs HPD, across the whole grid:
  coverage: HPD - equal-tailed ranges -0.0061 to +0.0002 (mean -0.0026)
  width   : HPD is 99.0% to 99.4% of the equal-tailed width

Wrote results to combined/experiments/score-from-2-rmax5/epilps_mala_niter40000/
